# serializer version: 1
# name: test_artifacts_must_exists
  '''
  +- Error ----------------------------------------------------------------------+
  | During evaluation of DefinitionV20 in project definition following errors    |
  | were encountered:                                                            |
  | For field entities.my_streamlit.streamlit you provided '{'artifacts':        |
  | ['streamlit_app.py', 'foo_bar.py', 'pages/', 'environment.yml'],             |
  | 'identifier': 'test_streamlit_deploy_snowcli', 'main_file':                  |
  | 'streamlit_app.py', 'query_warehouse': 'xsmall', 'stage': 'streamlit',       |
  | 'title': 'My Fancy Streamlit', 'type': 'streamlit'}'. This caused: Value     |
  | error, Specified artifact foo_bar.py does not exist locally.                 |
  +------------------------------------------------------------------------------+
  
  '''
# ---
# name: test_multiple_streamlit_raise_error_if_multiple_entities
  '''
  Usage: default streamlit deploy [OPTIONS] [ENTITY_ID]
  Try 'default streamlit deploy --help' for help.
  +- Error ----------------------------------------------------------------------+
  | Multiple Streamlit apps found. Please provide entity id for the operation.   |
  +------------------------------------------------------------------------------+
  
  '''
# ---
