# serializer version: 1
# name: test_nativeapp_version_create_package_no_magic_comment[app version create-app version list-app version drop-napp_init_v2]
  list([
    dict({
      'comment': None,
      'dropped_on': None,
      'label': '',
      'log_level': 'OFF',
      'patch': 0,
      'review_status': 'NOT_REVIEWED',
      'state': 'READY',
      'trace_level': 'OFF',
      'version': 'V1',
    }),
    dict({
      'comment': None,
      'dropped_on': None,
      'label': '',
      'log_level': 'OFF',
      'patch': 1,
      'review_status': 'NOT_REVIEWED',
      'state': 'READY',
      'trace_level': 'OFF',
      'version': 'V1',
    }),
  ])
# ---
