[{"user_id":"user_43","full_name":"Alice Doe","role":"user","email":"user_43@gmail.com","user_name":"user_43"},{"user_id":"user_33","full_name":"Alice Doe","role":"user","email":"user_33@gmail.com","user_name":"user_33"},{"user_id":"user_77","full_name":"Alice Doe","role":"user","email":"user_77@gmail.com","user_name":"user_77"},{"user_id":"user_22","full_name":"Bob Smith","role":"admin","email":"user_22@gmail.com","user_name":"user_22"},{"user_id":"user_51","full_name":"Alice Doe","role":"user","email":"user_51@gmail.com","user_name":"user_51"},{"user_id":"user_44","full_name":"Bob Smith","role":"admin","email":"user_44@gmail.com","user_name":"user_44"},{"user_id":"user_2","full_name":"Bob Smith","role":"admin","email":"user_2@gmail.com","user_name":"user_2"},{"user_id":"user_68","full_name":"Bob Smith","role":"admin","email":"user_68@gmail.com","user_name":"user_68"},{"user_id":"user_76","full_name":"Bob Smith","role":"admin","email":"user_76@gmail.com","user_name":"user_76"},{"user_id":"user_82","full_name":"Bob Smith","role":"admin","email":"user_82@gmail.com","user_name":"user_82"},{"user_id":"user_14","full_name":"Bob Smith","role":"admin","email":"user_14@gmail.com","user_name":"user_14"},{"user_id":"user_7","full_name":"Alice Doe","role":"user","email":"user_7@gmail.com","user_name":"user_7"},{"user_id":"user_17","full_name":"Alice Doe","role":"user","email":"user_17@gmail.com","user_name":"user_17"},{"user_id":"user_34","full_name":"Bob Smith","role":"admin","email":"user_34@gmail.com","user_name":"user_34"},{"user_id":"user_29","full_name":"Alice Doe","role":"user","email":"user_29@gmail.com","user_name":"user_29"},{"user_id":"user_18","full_name":"Bob Smith","role":"admin","email":"user_18@gmail.com","user_name":"user_18"},{"user_id":"user_64","full_name":"Bob Smith","role":"admin","email":"user_64@gmail.com","user_name":"user_64"},{"user_id":"user_61","full_name":"Alice Doe","role":"user","email":"user_61@gmail.com","user_name":"user_61"},{"user_id":"user_49","full_name":"Alice Doe","role":"user","email":"user_49@gmail.com","user_name":"user_49"},{"user_id":"user_41","full_name":"Alice Doe","role":"user","email":"user_41@gmail.com","user_name":"user_41"},{"user_id":"user_13","full_name":"Alice Doe","role":"user","email":"user_13@gmail.com","user_name":"user_13"},{"user_id":"user_39","full_name":"Alice Doe","role":"user","email":"user_39@gmail.com","user_name":"user_39"},{"user_id":"user_24","full_name":"Bob Smith","role":"admin","email":"user_24@gmail.com","user_name":"user_24"},{"user_id":"user_36","full_name":"Bob Smith","role":"admin","email":"user_36@gmail.com","user_name":"user_36"},{"user_id":"user_12","full_name":"Bob Smith","role":"admin","email":"user_12@gmail.com","user_name":"user_12"},{"user_id":"user_66","full_name":"Bob Smith","role":"admin","email":"user_66@gmail.com","user_name":"user_66"},{"user_id":"user_52","full_name":"Bob Smith","role":"admin","email":"user_52@gmail.com","user_name":"user_52"},{"user_id":"user_4","full_name":"Bob Smith","role":"admin","email":"user_4@gmail.com","user_name":"user_4"},{"user_id":"user_93","full_name":"Alice Doe","role":"user","email":"user_93@gmail.com","user_name":"user_93"},{"user_id":"user_65","full_name":"Alice Doe","role":"user","email":"user_65@gmail.com","user_name":"user_65"},{"user_id":"user_83","full_name":"Alice Doe","role":"user","email":"user_83@gmail.com","user_name":"user_83"},{"user_id":"user_23","full_name":"Alice Doe","role":"user","email":"user_23@gmail.com","user_name":"user_23"},{"user_id":"user_92","full_name":"Bob Smith","role":"admin","email":"user_92@gmail.com","user_name":"user_92"},{"user_id":"user_71","full_name":"Alice Doe","role":"user","email":"user_71@gmail.com","user_name":"user_71"},{"user_id":"user_0","full_name":"Bob Smith","role":"admin","email":"user_0@gmail.com","user_name":"user_0"},{"user_id":"user_84","full_name":"Bob Smith","role":"admin","email":"user_84@gmail.com","user_name":"user_84"},{"user_id":"user_85","full_name":"Alice Doe","role":"user","email":"user_85@gmail.com","user_name":"user_85"},{"user_id":"user_47","full_name":"Alice Doe","role":"user","email":"user_47@gmail.com","user_name":"user_47"},{"user_id":"user_79","full_name":"Alice Doe","role":"user","email":"user_79@gmail.com","user_name":"user_79"},{"user_id":"user_42","full_name":"Bob Smith","role":"admin","email":"user_42@gmail.com","user_name":"user_42"},{"user_id":"user_25","full_name":"Alice Doe","role":"user","email":"user_25@gmail.com","user_name":"user_25"},{"user_id":"user_46","full_name":"Bob Smith","role":"admin","email":"user_46@gmail.com","user_name":"user_46"},{"user_id":"user_15","full_name":"Alice Doe","role":"user","email":"user_15@gmail.com","user_name":"user_15"},{"user_id":"user_40","full_name":"Bob Smith","role":"admin","email":"user_40@gmail.com","user_name":"user_40"},{"user_id":"user_28","full_name":"Bob Smith","role":"admin","email":"user_28@gmail.com","user_name":"user_28"},{"user_id":"user_21","full_name":"Alice Doe","role":"user","email":"user_21@gmail.com","user_name":"user_21"},{"user_id":"user_63","full_name":"Alice Doe","role":"user","email":"user_63@gmail.com","user_name":"user_63"},{"user_id":"user_6","full_name":"Bob Smith","role":"admin","email":"user_6@gmail.com","user_name":"user_6"},{"user_id":"user_88","full_name":"Bob Smith","role":"admin","email":"user_88@gmail.com","user_name":"user_88"},{"user_id":"user_38","full_name":"Bob Smith","role":"admin","email":"user_38@gmail.com","user_name":"user_38"},{"user_id":"user_89","full_name":"Alice Doe","role":"user","email":"user_89@gmail.com","user_name":"user_89"},{"user_id":"user_87","full_name":"Alice Doe","role":"user","email":"user_87@gmail.com","user_name":"user_87"},{"user_id":"user_20","full_name":"Bob Smith","role":"admin","email":"user_20@gmail.com","user_name":"user_20"},{"user_id":"user_69","full_name":"Alice Doe","role":"user","email":"user_69@gmail.com","user_name":"user_69"},{"user_id":"user_81","full_name":"Alice Doe","role":"user","email":"user_81@gmail.com","user_name":"user_81"},{"user_id":"user_54","full_name":"Bob Smith","role":"admin","email":"user_54@gmail.com","user_name":"user_54"},{"user_id":"user_56","full_name":"Bob Smith","role":"admin","email":"user_56@gmail.com","user_name":"user_56"},{"user_id":"user_11","full_name":"Alice Doe","role":"user","email":"user_11@gmail.com","user_name":"user_11"},{"user_id":"user_60","full_name":"Bob Smith","role":"admin","email":"user_60@gmail.com","user_name":"user_60"},{"user_id":"user_95","full_name":"Alice Doe","role":"user","email":"user_95@gmail.com","user_name":"user_95"},{"user_id":"user_97","full_name":"Alice Doe","role":"user","email":"user_97@gmail.com","user_name":"user_97"},{"user_id":"user_53","full_name":"Alice Doe","role":"user","email":"user_53@gmail.com","user_name":"user_53"},{"user_id":"user_26","full_name":"Bob Smith","role":"admin","email":"user_26@gmail.com","user_name":"user_26"},{"user_id":"user_10","full_name":"Bob Smith","role":"admin","email":"user_10@gmail.com","user_name":"user_10"},{"user_id":"user_1","full_name":"Alice Doe","role":"user","email":"user_1@gmail.com","user_name":"user_1"},{"user_id":"user_35","full_name":"Alice Doe","role":"user","email":"user_35@gmail.com","user_name":"user_35"},{"user_id":"user_32","full_name":"Bob Smith","role":"admin","email":"user_32@gmail.com","user_name":"user_32"},{"user_id":"user_57","full_name":"Alice Doe","role":"user","email":"user_57@gmail.com","user_name":"user_57"},{"user_id":"user_90","full_name":"Bob Smith","role":"admin","email":"user_90@gmail.com","user_name":"user_90"},{"user_id":"user_3","full_name":"Alice Doe","role":"user","email":"user_3@gmail.com","user_name":"user_3"},{"user_id":"user_75","full_name":"Alice Doe","role":"user","email":"user_75@gmail.com","user_name":"user_75"},{"user_id":"user_55","full_name":"Alice Doe","role":"user","email":"user_55@gmail.com","user_name":"user_55"},{"user_id":"user_37","full_name":"Alice Doe","role":"user","email":"user_37@gmail.com","user_name":"user_37"},{"user_id":"user_45","full_name":"Alice Doe","role":"user","email":"user_45@gmail.com","user_name":"user_45"},{"user_id":"user_73","full_name":"Alice Doe","role":"user","email":"user_73@gmail.com","user_name":"user_73"},{"user_id":"user_94","full_name":"Bob Smith","role":"admin","email":"user_94@gmail.com","user_name":"user_94"},{"user_id":"user_67","full_name":"Alice Doe","role":"user","email":"user_67@gmail.com","user_name":"user_67"},{"user_id":"user_9","full_name":"Alice Doe","role":"user","email":"user_9@gmail.com","user_name":"user_9"},{"user_id":"user_48","full_name":"Bob Smith","role":"admin","email":"user_48@gmail.com","user_name":"user_48"},{"user_id":"user_74","full_name":"Bob Smith","role":"admin","email":"user_74@gmail.com","user_name":"user_74"},{"user_id":"user_80","full_name":"Bob Smith","role":"admin","email":"user_80@gmail.com","user_name":"user_80"},{"user_id":"user_62","full_name":"Bob Smith","role":"admin","email":"user_62@gmail.com","user_name":"user_62"},{"user_id":"user_58","full_name":"Bob Smith","role":"admin","email":"user_58@gmail.com","user_name":"user_58"},{"user_id":"user_70","full_name":"Bob Smith","role":"admin","email":"user_70@gmail.com","user_name":"user_70"},{"user_id":"user_78","full_name":"Bob Smith","role":"admin","email":"user_78@gmail.com","user_name":"user_78"},{"user_id":"user_5","full_name":"Alice Doe","role":"user","email":"user_5@gmail.com","user_name":"user_5"},{"user_id":"user_59","full_name":"Alice Doe","role":"user","email":"user_59@gmail.com","user_name":"user_59"},{"user_id":"user_8","full_name":"Bob Smith","role":"admin","email":"user_8@gmail.com","user_name":"user_8"},{"user_id":"user_50","full_name":"Bob Smith","role":"admin","email":"user_50@gmail.com","user_name":"user_50"},{"user_id":"user_96","full_name":"Bob Smith","role":"admin","email":"user_96@gmail.com","user_name":"user_96"},{"user_id":"user_16","full_name":"Bob Smith","role":"admin","email":"user_16@gmail.com","user_name":"user_16"},{"user_id":"user_30","full_name":"Bob Smith","role":"admin","email":"user_30@gmail.com","user_name":"user_30"},{"user_id":"user_31","full_name":"Alice Doe","role":"user","email":"user_31@gmail.com","user_name":"user_31"},{"user_id":"user_91","full_name":"Alice Doe","role":"user","email":"user_91@gmail.com","user_name":"user_91"},{"user_id":"user_27","full_name":"Alice Doe","role":"user","email":"user_27@gmail.com","user_name":"user_27"},{"user_id":"user_72","full_name":"Bob Smith","role":"admin","email":"user_72@gmail.com","user_name":"user_72"},{"user_id":"user_19","full_name":"Alice Doe","role":"user","email":"user_19@gmail.com","user_name":"user_19"},{"user_id":"user_86","full_name":"Bob Smith","role":"admin","email":"user_86@gmail.com","user_name":"user_86"}]
